******************************************************************************
                  TI ARM Linker PC v15.12.1                    
******************************************************************************
>> Linked Thu Apr 06 00:14:34 2017

OUTPUT FILE NAME:   <Mist_Makers.out>
ENTRY POINT SYMBOL: "_c_int00"  address: 20004ff5


MEMORY CONFIGURATION

         name            origin    length      used     unused   attr    fill
----------------------  --------  ---------  --------  --------  ----  --------
  SRAM_CODE             20004000   00012fff  00001578  00011a87  RW X
  SRAM_DATA             20017000   00019000  0000052a  00018ad6  RW X


SEGMENT ALLOCATION MAP

run origin  load origin   length   init length attrs members
----------  ----------- ---------- ----------- ----- -------
20004000    20004000    00001578   00001578    r-x
  20004000    20004000    00000400   00000400    r-- .intvecs
  20004400    20004400    00000f28   00000f28    r-x .text
  20005328    20005328    00000228   00000228    r-- .const
  20005550    20005550    00000028   00000028    r-- .cinit
20017000    20017000    00000018   00000000    rw-
  20017000    20017000    00000018   00000000    rw- .data
2002faec    2002faec    00000512   00000000    rw-
  2002faec    2002faec    00000512   00000000    rw- .stack


SECTION ALLOCATION MAP

 output                                  attributes/
section   page    origin      length       input sections
--------  ----  ----------  ----------   ----------------
.intvecs   0    20004000    00000400     
                  20004000    00000400     startup_ccs.obj (.intvecs)

.init_array 
*          0    20004000    00000000     UNINITIALIZED

.text      0    20004400    00000f28     
                  20004400    00000494     main.obj (.text)
                  20004894    00000178     driverlib.a : prcm.obj (.text:PRCMCC3200MCUInit)
                  20004a0c    000000a8                 : interrupt.obj (.text:IntEnable)
                  20004ab4    0000009c     rtsv7M4_T_le_eabi.lib : memcpy_t2.obj (.text)
                  20004b50    00000094     driverlib.a : prcm.obj (.text:PRCMPeripheralClockGet)
                  20004be4    00000088                 : pin.obj (.text:PinConfigSet)
                  20004c6c    00000084                 : i2c.obj (.text:I2CMasterInitExpClk)
                  20004cf0    0000007a     rtsv7M4_T_le_eabi.lib : memset_t2.obj (.text)
                  20004d6a    00000076     driverlib.a : uart.obj (.text:UARTConfigSetExpClk)
                  20004de0    00000070     rtsv7M4_T_le_eabi.lib : autoinit.obj (.text)
                  20004e50    0000006a                           : copy_decompress_rle.obj (.text)
                  20004eba    00000002                           : mpu_init.obj (.text)
                  20004ebc    00000058     driverlib.a : prcm.obj (.text:PRCMPeripheralReset)
                  20004f14    00000054     rtsv7M4_T_le_eabi.lib : exit.obj (.text)
                  20004f68    0000004c                           : cpy_tbl.obj (.text)
                  20004fb4    00000040     driverlib.a : pin.obj (.text:PinModeSet)
                  20004ff4    00000040     rtsv7M4_T_le_eabi.lib : boot.obj (.text)
                  20005034    0000003c     driverlib.a : prcm.obj (.text:PRCMPeripheralClkEnable)
                  20005070    00000036                 : gpio.obj (.text:GPIODirModeSet)
                  200050a6    00000030                 : pin.obj (.text:PinTypeGPIO)
                  200050d6    00000002     rtsv7M4_T_le_eabi.lib : startup.obj (.text)
                  200050d8    00000030     driverlib.a : uart.obj (.text:UARTDisable)
                  20005108    0000002c                 : prcm.obj (.text:PRCMSysResetCauseGet)
                  20005134    00000028                 : prcm.obj (.text:PRCMPeripheralClkDisable)
                  2000515c    00000024                 : uart.obj (.text:UARTEnable)
                  20005180    00000022                 : i2c.obj (.text:I2CMasterSlaveAddrSet)
                  200051a2    00000020                 : gpio.obj (.text:GPIOPinWrite)
                  200051c2    0000001e                 : uart.obj (.text:UARTCharPut)
                  200051e0    0000001c                 : pin.obj (.text:PinTypeI2C)
                  200051fc    0000001a                 : pin.obj (.text:PinTypeUART)
                  20005216    00000018                 : i2c.obj (.text:I2CMasterBusy)
                  2000522e    00000002     --HOLE-- [fill = 0]
                  20005230    00000018     rtsv7M4_T_le_eabi.lib : args_main.obj (.text)
                  20005248    00000016     driverlib.a : i2c.obj (.text:I2CMasterDataPut)
                  2000525e    00000016                 : i2c.obj (.text:I2CMasterEnable)
                  20005274    00000016                 : prcm.obj (.text:PRCMHIBRegRead)
                  2000528a    00000016                 : prcm.obj (.text:PRCMHIBRegWrite)
                  200052a0    00000016                 : uart.obj (.text:UARTCharGet)
                  200052b6    00000014                 : cpu.obj (.text:CPUcpsie)
                  200052ca    00000002     --HOLE-- [fill = 0]
                  200052cc    00000014     rtsv7M4_T_le_eabi.lib : _lock.obj (.text)
                  200052e0    00000012     driverlib.a : i2c.obj (.text:I2CMasterControl)
                  200052f2    0000000e     rtsv7M4_T_le_eabi.lib : copy_decompress_none.obj (.text:decompress:none)
                  20005300    0000000e     startup_ccs.obj (.text)
                  2000530e    0000000a     driverlib.a : interrupt.obj (.text:IntMasterEnable)
                  20005318    00000006                 : utils.obj (.text:UtilsDelay)
                  2000531e    00000006     rtsv7M4_T_le_eabi.lib : copy_decompress_rle.obj (.text:decompress:rle24)
                  20005324    00000004                           : pre_init.obj (.text)

.const     0    20005328    00000228     
                  20005328    00000100     driverlib.a : pin.obj (.const:g_ulPinToPadMap)
                  20005428    000000a8                 : prcm.obj (.const:PRCM_PeriphRegsList)
                  200054d0    00000080                 : interrupt.obj (.const)

.cinit     0    20005550    00000028     
                  20005550    00000018     (.cinit..data.load) [load image, compression = rle]
                  20005568    00000008     (__TI_handler_table)
                  20005570    00000008     (__TI_cinit_table)

.data      0    20017000    00000018     UNINITIALIZED
                  20017000    0000000c     rtsv7M4_T_le_eabi.lib : exit.obj (.data:$O1$$)
                  2001700c    00000008                           : _lock.obj (.data:$O1$$)
                  20017014    00000004                           : stkdepth_vars.obj (.data)

.stack     0    2002faec    00000512     UNINITIALIZED
                  2002faec    00000512     --HOLE--

MODULE SUMMARY

       Module                     code   ro data   rw data
       ------                     ----   -------   -------
    .\
       main.obj                   1172   0         0      
       startup_ccs.obj            14     1024      0      
    +--+--------------------------+------+---------+---------+
       Total:                     1186   1024      0      
                                                          
    C:/ti/CC3200SDK_1.2.0/cc3200-sdk/driverlib/ccs/Release/driverlib.a
       prcm.obj                   800    168       0      
       pin.obj                    302    256       0      
       interrupt.obj              178    128       0      
       uart.obj                   254    0         0      
       i2c.obj                    252    0         0      
       gpio.obj                   86     0         0      
       cpu.obj                    20     0         0      
       utils.obj                  6      0         0      
    +--+--------------------------+------+---------+---------+
       Total:                     1898   552       0      
                                                          
    C:\ti\ccsv6\tools\compiler\ti-cgt-arm_15.12.1.LTS\lib\rtsv7M4_T_le_eabi.lib
       memcpy_t2.obj              156    0         0      
       memset_t2.obj              122    0         0      
       autoinit.obj               112    0         0      
       copy_decompress_rle.obj    112    0         0      
       exit.obj                   84     0         12     
       cpy_tbl.obj                76     0         0      
       boot.obj                   64     0         0      
       _lock.obj                  20     0         8      
       args_main.obj              24     0         0      
       copy_decompress_none.obj   14     0         0      
       pre_init.obj               4      0         0      
       stkdepth_vars.obj          0      0         4      
       mpu_init.obj               2      0         0      
       startup.obj                2      0         0      
    +--+--------------------------+------+---------+---------+
       Total:                     792    0         24     
                                                          
       Stack:                     0      0         1298   
       Linker Generated:          0      40        0      
    +--+--------------------------+------+---------+---------+
       Grand Total:               3876   1616      1322   


LINKER GENERATED COPY TABLES

__TI_cinit_table @ 20005570 records: 1, size/record: 8, table size: 8
	.data: load addr=20005550, load size=00000018 bytes, run addr=20017000, run size=00000018 bytes, compression=rle


LINKER GENERATED HANDLER TABLE

__TI_handler_table @ 20005568 records: 2, size/record: 4, table size: 8
	index: 0, handler: __TI_decompress_rle24
	index: 1, handler: __TI_decompress_none


GLOBAL SYMBOLS: SORTED ALPHABETICALLY BY Name 

address   name                           
-------   ----                           
20004f15  C$$EXIT                        
200052b7  CPUcpsie                       
20004413  DELAY                          
20004505  DIG_POT                        
20004537  DIG_WRITE                      
20005071  GPIODirModeSet                 
200051a3  GPIOPinWrite                   
200044cf  GPIO_INIT                      
200044ef  GPIO_WRITE_TO_PIN              
20005217  I2CMasterBusy                  
200052e1  I2CMasterControl               
20005249  I2CMasterDataPut               
2000525f  I2CMasterEnable                
20004c6d  I2CMasterInitExpClk            
20005181  I2CMasterSlaveAddrSet          
2000449d  I2C_INIT                       
20004a0d  IntEnable                      
2000530f  IntMasterEnable                
2000457b  LCD_INIT                       
20004825  LCD_STRING                     
20004771  LCD_WRITE                      
20004895  PRCMCC3200MCUInit              
20005275  PRCMHIBRegRead                 
2000528b  PRCMHIBRegWrite                
20005135  PRCMPeripheralClkDisable       
20005035  PRCMPeripheralClkEnable        
20004b51  PRCMPeripheralClockGet         
20004ebd  PRCMPeripheralReset            
20005109  PRCMSysResetCauseGet           
20004be5  PinConfigSet                   
20004fb5  PinModeSet                     
200050a7  PinTypeGPIO                    
200051e1  PinTypeI2C                     
200051fd  PinTypeUART                    
20004471  Report                         
20005301  ResetISR                       
UNDEFED   SHT$$INIT_ARRAY$$Base          
UNDEFED   SHT$$INIT_ARRAY$$Limit         
200052a1  UARTCharGet                    
200051c3  UARTCharPut                    
20004d6b  UARTConfigSetExpClk            
200050d9  UARTDisable                    
2000515d  UARTEnable                     
2000443b  UART_INIT                      
20004491  UART_READ_Xbee                 
20005319  UtilsDelay                     
2002fffe  __STACK_END                    
00000512  __STACK_SIZE                   
20005570  __TI_CINIT_Base                
20005578  __TI_CINIT_Limit               
20005568  __TI_Handler_Table_Base        
20005570  __TI_Handler_Table_Limit       
20004de1  __TI_auto_init                 
20017000  __TI_cleanup_ptr               
200052f3  __TI_decompress_none           
2000531f  __TI_decompress_rle24          
20017004  __TI_dtors_ptr                 
20017008  __TI_enable_exit_profile_output
ffffffff  __TI_pprof_out_hndl            
ffffffff  __TI_prof_data_size            
ffffffff  __TI_prof_data_start           
20005550  __TI_static_base__             
20004cf1  __aeabi_memclr                 
20004cf1  __aeabi_memclr4                
20004cf1  __aeabi_memclr8                
20004ab5  __aeabi_memcpy                 
20004ab5  __aeabi_memcpy4                
20004ab5  __aeabi_memcpy8                
20004cf3  __aeabi_memset                 
20004cf3  __aeabi_memset4                
20004cf3  __aeabi_memset8                
ffffffff  __binit__                      
ffffffff  __c_args__                     
20004ebb  __mpu_init                     
2002faec  __stack                        
20005231  _args_main                     
20004ff5  _c_int00                       
2001700c  _lock                          
200052db  _nop                           
200052d3  _register_lock                 
200052cd  _register_unlock               
200050d7  _system_post_cinit             
20005325  _system_pre_init               
20017010  _unlock                        
20004f19  abort                          
ffffffff  binit                          
20004f69  copy_in                        
20004f21  exit                           
20004000  g_pfnVectors                   
2000484d  main                           
20017014  main_func_sp                   
20004ab5  memcpy                         
20004cf9  memset                         


GLOBAL SYMBOLS: SORTED BY Symbol Address 

address   name                           
-------   ----                           
00000512  __STACK_SIZE                   
20004000  g_pfnVectors                   
20004413  DELAY                          
2000443b  UART_INIT                      
20004471  Report                         
20004491  UART_READ_Xbee                 
2000449d  I2C_INIT                       
200044cf  GPIO_INIT                      
200044ef  GPIO_WRITE_TO_PIN              
20004505  DIG_POT                        
20004537  DIG_WRITE                      
2000457b  LCD_INIT                       
20004771  LCD_WRITE                      
20004825  LCD_STRING                     
2000484d  main                           
20004895  PRCMCC3200MCUInit              
20004a0d  IntEnable                      
20004ab5  __aeabi_memcpy                 
20004ab5  __aeabi_memcpy4                
20004ab5  __aeabi_memcpy8                
20004ab5  memcpy                         
20004b51  PRCMPeripheralClockGet         
20004be5  PinConfigSet                   
20004c6d  I2CMasterInitExpClk            
20004cf1  __aeabi_memclr                 
20004cf1  __aeabi_memclr4                
20004cf1  __aeabi_memclr8                
20004cf3  __aeabi_memset                 
20004cf3  __aeabi_memset4                
20004cf3  __aeabi_memset8                
20004cf9  memset                         
20004d6b  UARTConfigSetExpClk            
20004de1  __TI_auto_init                 
20004ebb  __mpu_init                     
20004ebd  PRCMPeripheralReset            
20004f15  C$$EXIT                        
20004f19  abort                          
20004f21  exit                           
20004f69  copy_in                        
20004fb5  PinModeSet                     
20004ff5  _c_int00                       
20005035  PRCMPeripheralClkEnable        
20005071  GPIODirModeSet                 
200050a7  PinTypeGPIO                    
200050d7  _system_post_cinit             
200050d9  UARTDisable                    
20005109  PRCMSysResetCauseGet           
20005135  PRCMPeripheralClkDisable       
2000515d  UARTEnable                     
20005181  I2CMasterSlaveAddrSet          
200051a3  GPIOPinWrite                   
200051c3  UARTCharPut                    
200051e1  PinTypeI2C                     
200051fd  PinTypeUART                    
20005217  I2CMasterBusy                  
20005231  _args_main                     
20005249  I2CMasterDataPut               
2000525f  I2CMasterEnable                
20005275  PRCMHIBRegRead                 
2000528b  PRCMHIBRegWrite                
200052a1  UARTCharGet                    
200052b7  CPUcpsie                       
200052cd  _register_unlock               
200052d3  _register_lock                 
200052db  _nop                           
200052e1  I2CMasterControl               
200052f3  __TI_decompress_none           
20005301  ResetISR                       
2000530f  IntMasterEnable                
20005319  UtilsDelay                     
2000531f  __TI_decompress_rle24          
20005325  _system_pre_init               
20005550  __TI_static_base__             
20005568  __TI_Handler_Table_Base        
20005570  __TI_CINIT_Base                
20005570  __TI_Handler_Table_Limit       
20005578  __TI_CINIT_Limit               
20017000  __TI_cleanup_ptr               
20017004  __TI_dtors_ptr                 
20017008  __TI_enable_exit_profile_output
2001700c  _lock                          
20017010  _unlock                        
20017014  main_func_sp                   
2002faec  __stack                        
2002fffe  __STACK_END                    
ffffffff  __TI_pprof_out_hndl            
ffffffff  __TI_prof_data_size            
ffffffff  __TI_prof_data_start           
ffffffff  __binit__                      
ffffffff  __c_args__                     
ffffffff  binit                          
UNDEFED   SHT$$INIT_ARRAY$$Base          
UNDEFED   SHT$$INIT_ARRAY$$Limit         

[93 symbols]
